2025-05-28 13:52:08,116 - INFO - Iniciando scraper UFC Stats
2025-05-28 13:52:08,116 - INFO - Pastas criadas: C:\Users\Kelvin\Documents\Kelvin\Faculdade\Mineração de Dados\Projeto 2 Bimestre\AI-UFC-Ranking\data\raw, C:\Users\Kelvin\Documents\Kelvin\Faculdade\Mineração de Dados\Projeto 2 Bimestre\AI-UFC-Ranking\data\interim, C:\Users\Kelvin\Documents\Kelvin\Faculdade\Mineração de Dados\Projeto 2 Bimestre\AI-UFC-Ranking\scrape_ufc_stats.log
2025-05-28 13:52:25,028 - INFO - Buscando dados para: ilia topuria e jon jones
2025-05-28 13:52:25,028 - INFO - Buscando na letra: T
2025-05-28 13:53:44,385 - INFO - Encontradas 10 lutas para Ilia Topuria
2025-05-28 13:53:44,385 - DEBUG - Link não encontrado para luta: Ilia Topuria vs Charles Oliveira
2025-05-28 13:53:44,385 - DEBUG - Link não encontrado para luta: Ilia Topuria vs Ilia Topuria
2025-05-28 13:53:44,386 - DEBUG - Link não encontrado para luta: Ilia Topuria vs Alexander Volkanovski
2025-05-28 13:53:44,386 - DEBUG - Link não encontrado para luta: Ilia Topuria vs Ilia Topuria
2025-05-28 13:53:44,386 - DEBUG - Link não encontrado para luta: Ilia Topuria vs Bryce Mitchell
2025-05-28 13:53:44,386 - DEBUG - Link não encontrado para luta: Ilia Topuria vs Ilia Topuria
2025-05-28 13:53:44,386 - DEBUG - Link não encontrado para luta: Ilia Topuria vs Ilia Topuria
2025-05-28 13:53:44,386 - DEBUG - Link não encontrado para luta: Ilia Topuria vs Damon Jackson
2025-05-28 13:53:44,386 - DEBUG - Link não encontrado para luta: Ilia Topuria vs Youssef Zalal
2025-05-28 13:53:44,386 - INFO - Buscando na letra: J
2025-05-28 13:54:49,395 - INFO - Encontradas 25 lutas para Jon Jones
2025-05-28 13:54:49,395 - DEBUG - Link não encontrado para luta: Jon Jones vs Stipe Miocic
2025-05-28 13:54:49,396 - DEBUG - Link não encontrado para luta: Jon Jones vs Ciryl Gane
2025-05-28 13:54:49,396 - DEBUG - Link não encontrado para luta: Jon Jones vs Dominick Reyes
2025-05-28 13:54:49,396 - DEBUG - Link não encontrado para luta: Jon Jones vs Thiago Santos
2025-05-28 13:54:49,396 - DEBUG - Link não encontrado para luta: Jon Jones vs Anthony Smith
2025-05-28 13:54:49,396 - DEBUG - Link não encontrado para luta: Jon Jones vs Alexander Gustafsson
2025-05-28 13:54:49,396 - DEBUG - Link não encontrado para luta: Jon Jones vs Daniel Cormier
2025-05-28 13:54:49,396 - DEBUG - Link não encontrado para luta: Jon Jones vs Ovince Saint Preux
2025-05-28 13:54:49,397 - DEBUG - Link não encontrado para luta: Jon Jones vs Daniel Cormier
2025-05-28 13:54:49,397 - DEBUG - Link não encontrado para luta: Jon Jones vs Glover Teixeira
2025-05-28 13:54:49,397 - DEBUG - Link não encontrado para luta: Jon Jones vs Alexander Gustafsson
2025-05-28 13:54:49,397 - DEBUG - Link não encontrado para luta: Jon Jones vs Chael Sonnen
2025-05-28 13:54:49,397 - DEBUG - Link não encontrado para luta: Jon Jones vs Vitor Belfort
2025-05-28 13:54:49,397 - DEBUG - Link não encontrado para luta: Jon Jones vs Rashad Evans
2025-05-28 13:54:49,397 - DEBUG - Link não encontrado para luta: Jon Jones vs Lyoto Machida
2025-05-28 13:54:49,398 - DEBUG - Link não encontrado para luta: Jon Jones vs Quinton Jackson
2025-05-28 13:54:49,398 - DEBUG - Link não encontrado para luta: Jon Jones vs Mauricio Rua
2025-05-28 13:54:49,398 - DEBUG - Link não encontrado para luta: Jon Jones vs Ryan Bader
2025-05-28 13:54:49,398 - DEBUG - Link não encontrado para luta: Jon Jones vs Vladimir Matyushenko
2025-05-28 13:54:49,398 - DEBUG - Link não encontrado para luta: Jon Jones vs Brandon Vera
2025-05-28 13:54:49,398 - DEBUG - Link não encontrado para luta: Jon Jones vs Matt Hamill
2025-05-28 13:54:49,398 - DEBUG - Link não encontrado para luta: Jon Jones vs Jake O'Brien
2025-05-28 13:54:49,398 - DEBUG - Link não encontrado para luta: Jon Jones vs Stephan Bonnar
2025-05-28 13:54:49,399 - DEBUG - Link não encontrado para luta: Jon Jones vs Andre Gusmao
2025-05-28 13:54:49,401 - INFO - Arquivos salvos: Ilia_Topuria_complete_stats.json e Jon_Jones_complete_stats.json
2025-05-28 13:54:49,405 - INFO - Predição salva em: prediction_Ilia_Topuria_vs_Jon_Jones.json
2025-05-28 13:54:49,406 - INFO - ================================================================================
2025-05-28 13:54:49,406 - INFO - DADOS COMPLETOS - Ilia Topuria
2025-05-28 13:54:49,406 - INFO - Record: 16-0-0
2025-05-28 13:54:49,406 - INFO - Total de lutas UFC: 8
2025-05-28 13:54:49,407 - INFO - ================================================================================
2025-05-28 13:54:49,407 - INFO - DADOS COMPLETOS - Jon Jones
2025-05-28 13:54:49,407 - INFO - Record: 28-1-0
2025-05-28 13:54:49,407 - INFO - Total de lutas UFC: 23
2025-05-28 13:54:49,407 - INFO - Programa finalizado
